/.travis.yml 1;
/.travis.yaml 1;
/circle.yml 1;
/circle.yaml 1;
/build.xml 1;
/Dockerfile 1;
/docker-compose.yml 1;
/.bash_history 1;
/.config 1;
/.config.php.swp 1;
/.configuration.php.swp 1;
/.env 1;
/.environment 1;
/.error_log 1;
/.history 1;
/.htpasswd 1;
/.idea/workspace.xml 1;
/.npmrc 1;
/.psql_history 1;
/.mysql_history 1;
/.sh_history 1;
/.ssh/id_rsa 1;
/access.log 1;
/access_log 1;
/app/config/database.yml 1;
/app/log/ 1;
/app/logs/ 1;
/backup.rar 1;
/backup.sql 1;
/backup.tar 1;
/backup.tar.gz 1;
/backup.tgz 1;
/backup.zip 1;
/backup/ 1;
/backups/ 1;
/conf/ 1;
/conf/server.xml 1;
/config.bak 1;
/config.inc 1;
/config.inc.bak 1;
/config.inc.old 1;
/config.inc.txt 1;
/config.inc~ 1;
/config.ini 1;
/config.json 1;
/config.save 1;
/config.swp 1;
/config.yml 1;
/config/ 1;
/config/database.yml 1;
/configuration.ini 1;
/configuration.php.old 1;
/configuration.php.save 1;
/configuration.php~ 1;
/data/logs/ 1;
/database.sql 1;
/database.sqlite 1;
/database.txt 1;
/database.yml 1;
/db.csv 1;
/db.inc 1;
/db.ini 1;
/db.log 1;
/db.properties 1;
/db.sql 1;
/db.sqlite 1;
/debug/ 1;
/dump.sql 1;
/dump.tar 1;
/dump.tar.gz 1;
/dump.tgz 1;
/dump.zip 1;
/error 1;
/error-log 1;
/error-log.txt 1;
/error.log 1;
/error_log 1;
/files/ 1;
/htpasswd 1;
/index.php~ 1;
/install/ 1;
/log.txt 1;
/log/ 1;
/log/access.log 1;
/log/access_log 1;
/log/error.log 1;
/log/error_log 1;
/logs/ 1;
/logs/access_log 1;
/logs/error_log 1;
/mysql.err 1;
/mysql.log 1;
/mysql.sql 1;
/nano.save 1;
/settings.bak 1;
/settings.ini 1;
/settings.php.bak 1;
/sql.sql 1;
/sql.tar 1;
/sql.tgz 1;
/sql.txt 1;
/tmp/ 1;
/web-console/ 1;
/WEB-INF/config.xml 1;
/WEB-INF/web.xml 1;
/wp-config.bak 1;
/wp-config.php.bak 1;
/wp-config.php~ 1;
/apache/logs/access.log  1;
/apache/logs/error.log  1;
/logs/access.log  1;
/logs/error.log  1;
/env 1;
/db_backup.sql 1;
/db_backup.sql.tar 1;
/db_backup.tar.gz 1;
/db_backup.tar 1;
/db_backup.sql.zip 1;
/db_backup.sql.tar.gzip 1;
/db_backup.zip 1;
/db_backup.tgz 1;
/db_backup.sql.gz 1;
/db_backup.sql.tar.gz 1;
/db_backup.gz 1;
/db_backup.sql.sql 1;
/sql.tar.gzip 1;
/sql.sql.tgz 1;
/sql.tar.gz 1;
/sql.zip 1;
/db_backup.sql.tgz 1;
/sql.gz 1;
/db_backup.tar.gzip 1;
/sql.sql.tar.gz 1;
/mysql.tar.gzip 1;
/sql.sql.zip 1;
/mysql.gz 1;
/mysql.sql.tar 1;
/mysql.tgz 1;
/mysql.tar.gz 1;
/www.sql.sql 1;
/www.sql.tgz 1;
/dbdump.tar.gz 1;
/mysql.tar 1;
/dump.sql.tar.gz 1;
/backup.sql.gz 1;
/sql.sql.tar 1;
/sql.sql.gz 1;
/mysql.sql.tar.gzip 1;
/dbdump.sql.tar 1;
/backup.sql.zip 1;
/dbdump.zip 1;
/backup.sql.sql 1;
/dump.sql.gz 1;
/backup.sql.tar.gz 1;
/sql.sql.tar.gzip 1;
/mysql.sql.tar.gz 1;
/mysql.zip 1;
/dump.gz 1;
/backup.sql.tgz 1;
/dump.sql.tar 1;
/dump.sql.zip 1;
/db.sql.tgz 1;
/db.tar.gz 1;
/data.sql.sql 1;
/db.sql.zip 1;
/www.sql 1;
/dump.sql.tgz 1;
/backup.sql.tar 1;
/mysql.sql.gz 1;
/mysql.sql.zip 1;
/upload.sql 1;
/temp.sql.tar 1;
/users.sql 1;
/upload.sql.tar.gz 1;
/home.sql 1;
/www.sql.tar 1;
/data.sql.tar.gzip 1;
/web.sql.tar.gzip 1;
/temp.sql.gz 1;
/dbdump.sql 1;
/users.sql.tar 1;
/db.tar.gzip 1;
/db.sql.sql 1;
/dbdump.tar.gzip 1;
/users.sql.tar.gzip 1;
/temp.sql.tar.gzip 1;
/users.sql.gz 1;
/web.sql.tgz 1;
/dump.sql.tar.gzip 1;
/db.gz 1;
/db.tar 1;
/db.sql.tar.gz 1;
/upload.sql.gz 1;
/home.sql.tar.gz 1;
/db.zip 1;
/home.sql.tgz 1;
/web.sql.tar.gz 1;
/users.sql.zip 1;
/data.sql 1;
/upload.sql.tar 1;
/site.sql.tar.gzip 1;
/web.sql.zip 1;
/data.sql.tar 1;
/data.sql.tgz 1;
/temp.sql.tgz 1;
/www.sql.tar.gz 1;
/db.tgz 1;
/db.sql.gz 1;
/site.sql 1;
/db.sql.tar 1;
/users.gz 1;
/www.sql.gz 1;
/users.tar.gzip 1;
/home.sql.zip 1;
/site.sql.tar.gz 1;
/mysql.sql.tgz 1;
/temp.sql.tar.gz 1;
/home.sql.sql 1;
/db.sql.tar.gzip 1;
/www.sql.zip 1;
/data.sql.tar.gz 1;
/dump.tar.gzip 1;
/dbdump.gz 1;
/temp.sql 1;
/web.sql 1;
/data.sql.zip 1;
/users.tar 1;
/site.sql.gz 1;
/site.sql.tgz 1;
/dbdump.tar 1;
/data.sql.gz 1;
/site.sql.zip 1;
/web.sql.gz 1;
/site.sql.tar 1;